io.github.jsonSnapshot.SnapshotOverrideClassTest.shouldMatchSnapshotOne=[
  "anyName"
]