io.github.jsonSnapshot.SnapshotIntegrationTest| with |shouldMatchSnapshotThree=[
  {
    "id": "anyId3",
    "value": 3,
    "name": "anyName3"
  }
]


io.github.jsonSnapshot.SnapshotIntegrationTest| with |shouldMatchSnapshotFour=[
  {
    "id": "anyId4",
    "value": 4,
    "name": "any\n\n\nName4"
  }
]


io.github.jsonSnapshot.SnapshotIntegrationTest| with |shouldMatchSnapshotOne=[
  {
    "id": "anyId1",
    "value": 1,
    "name": "anyName1"
  }
]


io.github.jsonSnapshot.SnapshotIntegrationTest| with |shouldMatchSnapshotTwo=[
  {
    "id": "anyId2",
    "value": 2,
    "name": "anyName2"
  }
]



io.github.jsonSnapshot.SnapshotIntegrationTest| with |shouldThrowSnapshotMatchException=[
  {
    "id": "anyId5",
    "value": 5,
    "name": "anyName5"
  }
]